empty
empty
empty
crystal
crystal
empty
empty
empty
